// Vitest Snapshot v1, https://vitest.dev/guide/snapshot.html

exports[`svelte built-in commands > commands 1`] = `
"<script>
  const items = ['foo', 'bar', 'zoo']
  const boolValue = false
</script>
<ul>
{#each items as item, i}
{@const str = \`\${i + 1}:\${item}\`}
<li>
{item}
</li>
{/each}
</ul>
{#if boolValue}
  <h3>
    True
  </h3>
{:else if items}
  <h3>
    items
  </h3>
{:else}
  <h3>
    False
  </h3>
{/if}
{#await Promise.reject('Hello')}
Loading
{:then  val}
  <h1>Val: {val}</h1>
{:catch err}
  <div class="text-gray-8">
  {err.message}
  </div>
{/await}
<p>:i[content]{.blue.green a=b}</p>
::hr[Title]{.red}
{@debug items}
{@html "<div class="foo">Foo</div>"}"
`;
